ARM Linker, 5.03 [Build 76] [MDK-ARM Lite]

==============================================================================

Section Cross References

    startup.o(RESET) refers to startup.o(STACK) for StackMem
    startup.o(RESET) refers to interruption.o(TP2) for SRF05ECHO
    interruption.o(TP2) refers to interruption.o(Constante) for txt
    interruption.o(TP2) refers to interruption.o(Variable) for res


==============================================================================

Removing Unused input sections from the image.

    Removing startup.o(HEAP), (0 bytes).
    Removing startup.o(.text), (0 bytes).

2 unused section(s) (total 0 bytes) removed from the image.

==============================================================================

Image Symbol Table

    Local Symbols

    Symbol Name                              Value     Ov Type        Size  Object(Section)

    RESET                                    0x00000000   Section      632  startup.o(RESET)
    Interruption.asm                         0x00000000   Number         0  interruption.o ABSOLUTE
    Startup.s                                0x00000000   Number         0  startup.o ABSOLUTE
    NmiSR                                    0x00000271   Thumb Code     0  startup.o(RESET)
    FaultISR                                 0x00000273   Thumb Code     0  startup.o(RESET)
    IntDefaultHandler                        0x00000275   Thumb Code     0  startup.o(RESET)
    TP2                                      0x00000278   Section      844  interruption.o(TP2)
    Constante                                0x000005c4   Section       28  interruption.o(Constante)
    txt                                      0x000005c4   Data          16  interruption.o(Constante)
    cm                                       0x000005d4   Data          12  interruption.o(Constante)
    Variable                                 0x20000000   Section        5  interruption.o(Variable)
    res                                      0x20000000   Data           5  interruption.o(Variable)
    STACK                                    0x20000008   Section      256  startup.o(STACK)
    StackMem                                 0x20000008   Data           0  startup.o(STACK)

    Global Symbols

    Symbol Name                              Value     Ov Type        Size  Object(Section)

    BuildAttributes$$THM_ISAv4$P$D$K$B$S$PE$A:L22UL41UL21$X:L11$S22US41US21$IEEE1$IW$USESV6$~STKCKD$USESV7$~SHL$OSPACE$EBA8$MICROLIB$EABIv2 0x00000000   Number         0  anon$$obj.o ABSOLUTE
    __Vectors                                0x00000000   Data           0  startup.o(RESET)
    Reset_Handler                            0x0000026d   Thumb Code     0  startup.o(RESET)
    __main                                   0x00000279   Thumb Code     0  interruption.o(TP2)
    SRF05ECHO                                0x000003fb   Thumb Code     2  interruption.o(TP2)
    __initial_sp                             0x20000108   Data           0  startup.o(STACK)



==============================================================================

Memory Map of the image

  Image Entry point : 0x0000026d

  Load Region LR_1 (Base: 0x00000000, Size: 0x000005e8, Max: 0xffffffff, ABSOLUTE)

    Execution Region ER_RO (Base: 0x00000000, Size: 0x000005e0, Max: 0xffffffff, ABSOLUTE)

    Base Addr    Size         Type   Attr      Idx    E Section Name        Object

    0x00000000   0x00000278   Code   RO            3  * RESET               startup.o
    0x00000278   0x0000034c   Code   RO            9  * TP2                 interruption.o
    0x000005c4   0x0000001c   Data   RO           11    Constante           interruption.o


    Execution Region ER_RW (Base: 0x20000000, Size: 0x00000008, Max: 0xffffffff, ABSOLUTE)

    Base Addr    Size         Type   Attr      Idx    E Section Name        Object

    0x20000000   0x00000005   Data   RW           10    Variable            interruption.o


    Execution Region ER_ZI (Base: 0x20000008, Size: 0x00000100, Max: 0xffffffff, ABSOLUTE)

    Base Addr    Size         Type   Attr      Idx    E Section Name        Object

    0x20000008   0x00000100   Zero   RW            1    STACK               startup.o


==============================================================================

Image component sizes


      Code (inc. data)   RO Data    RW Data    ZI Data      Debug   Object Name

       844        116         28          5          0        404   interruption.o
       632        622          0          0        256        184   startup.o

    ----------------------------------------------------------------------
      1476        738         28          8        256        588   Object Totals
         0          0          0          0          0          0   (incl. Generated)
         0          0          0          3          0          0   (incl. Padding)

    ----------------------------------------------------------------------
         0          0          0          0          0          0   Library Totals
         0          0          0          0          0          0   (incl. Padding)

    ----------------------------------------------------------------------

==============================================================================


      Code (inc. data)   RO Data    RW Data    ZI Data      Debug   

      1476        738         28          8        256        588   Grand Totals
      1476        738         28          8        256        588   ELF Image Totals
      1476        738         28          8          0          0   ROM Totals

==============================================================================

    Total RO  Size (Code + RO Data)                 1504 (   1.47kB)
    Total RW  Size (RW Data + ZI Data)               264 (   0.26kB)
    Total ROM Size (Code + RO Data + RW Data)       1512 (   1.48kB)

==============================================================================

